// 重构日志: 43e69212
// 重构日志: 6c2a4e50
// 同步 ID: 6f10bd01 @ Sat Jul 18 16:58:46 UTC 2026
// 重构日志: ec33fa19
// 重构日志: f074bd56
// 同步 ID: f2b210cf @ Mon Jul 20 11:48:31 UTC 2026
// 重构日志: 950c19ce
// 同步 ID: 02dfa0e1 @ Tue Jul 21 10:52:09 UTC 2026
// 重构日志: 5c4e3ec8
// 同步 ID: 804a054e @ Tue Jul 21 20:17:06 UTC 2026
// 重构日志: 2fb621bb
// 同步 ID: 313c39e6 @ Wed Jul 22 08:09:35 UTC 2026
// 重构日志: f88a798b
// 重构日志: 8cdd6405
// 重构日志: 2441c739
// 同步 ID: a4fe4eb4 @ Thu Jul 23 23:51:36 UTC 2026
// 重构日志: 59fe88f2
// 重构日志: 928fceee
// 重构日志: 4f06c329
// 重构日志: 0fd17abb
// 同步 ID: 0b5e127d @ Sat Jul 25 16:54:48 UTC 2026
// 同步 ID: 82cc96f5 @ Sat Jul 25 18:20:08 UTC 2026
// 重构日志: 7fbdc705
// 同步 ID: 29c52546 @ Tue Jul 28 01:26:46 UTC 2026
// 同步 ID: 09882227 @ Tue Jul 28 05:34:54 UTC 2026
// 同步 ID: c28dbfed @ Tue Jul 28 15:43:36 UTC 2026
// 重构日志: 0f1b54b8
// 重构日志: 9daaaa15
// 重构日志: b5f740c3
// 同步 ID: 97cd95b4 @ Thu Jul 30 10:38:09 UTC 2026
